// Jest Snapshot v1, https://goo.gl/fbAQLP

exports[`#ButtonSquare renders properly 1`] = `
<styled.a
  data-test="button-square"
  onClick={[MockFunction]}
  variant="primary"
>
  Button
</styled.a>
`;
